[debug] [2026-06-13T14:40:11.543Z] ----------------------------------------------------------------------
[debug] [2026-06-13T14:40:11.544Z] Command:       /Users/ademario.santana/.nvm/versions/node/v22.17.0/bin/node /Users/ademario.santana/.nvm/versions/node/v22.17.0/bin/firebase deploy --only functions
[debug] [2026-06-13T14:40:11.544Z] CLI Version:   15.6.0
[debug] [2026-06-13T14:40:11.544Z] Platform:      darwin
[debug] [2026-06-13T14:40:11.545Z] Node Version:  v22.17.0
[debug] [2026-06-13T14:40:11.545Z] Time:          Sat Jun 13 2026 11:40:11 GMT-0300 (Brasilia Standard Time)
[debug] [2026-06-13T14:40:11.545Z] ----------------------------------------------------------------------
[debug] 
[debug] [2026-06-13T14:40:12.944Z] > command requires scopes: ["email","openid","https://www.googleapis.com/auth/cloudplatformprojects.readonly","https://www.googleapis.com/auth/firebase","https://www.googleapis.com/auth/cloud-platform"]
[debug] [2026-06-13T14:40:12.944Z] > authorizing via signed-in user (ademario63@gmail.com)
[debug] [2026-06-13T14:40:12.944Z] [iam] checking project tcc-desconecta for permissions ["cloudfunctions.functions.create","cloudfunctions.functions.delete","cloudfunctions.functions.get","cloudfunctions.functions.list","cloudfunctions.functions.update","cloudfunctions.operations.get","firebase.projects.get"]
[debug] [2026-06-13T14:40:12.944Z] Checked if tokens are valid: true, expires at: 1781364756752
[debug] [2026-06-13T14:40:12.944Z] Checked if tokens are valid: true, expires at: 1781364756752
[debug] [2026-06-13T14:40:12.945Z] >>> [apiv2][query] POST https://cloudresourcemanager.googleapis.com/v1/projects/tcc-desconecta:testIamPermissions [none]
[debug] [2026-06-13T14:40:12.945Z] >>> [apiv2][(partial)header] POST https://cloudresourcemanager.googleapis.com/v1/projects/tcc-desconecta:testIamPermissions  x-goog-user-project=tcc-desconecta
[debug] [2026-06-13T14:40:12.945Z] >>> [apiv2][body] POST https://cloudresourcemanager.googleapis.com/v1/projects/tcc-desconecta:testIamPermissions {"permissions":["cloudfunctions.functions.create","cloudfunctions.functions.delete","cloudfunctions.functions.get","cloudfunctions.functions.list","cloudfunctions.functions.update","cloudfunctions.operations.get","firebase.projects.get"]}
[debug] [2026-06-13T14:40:13.383Z] <<< [apiv2][status] POST https://cloudresourcemanager.googleapis.com/v1/projects/tcc-desconecta:testIamPermissions 200
[debug] [2026-06-13T14:40:13.384Z] <<< [apiv2][body] POST https://cloudresourcemanager.googleapis.com/v1/projects/tcc-desconecta:testIamPermissions {"permissions":["cloudfunctions.functions.create","cloudfunctions.functions.delete","cloudfunctions.functions.get","cloudfunctions.functions.list","cloudfunctions.functions.update","cloudfunctions.operations.get","firebase.projects.get"]}
[debug] [2026-06-13T14:40:13.384Z] Checked if tokens are valid: true, expires at: 1781364756752
[debug] [2026-06-13T14:40:13.384Z] Checked if tokens are valid: true, expires at: 1781364756752
[debug] [2026-06-13T14:40:13.384Z] >>> [apiv2][query] POST https://iam.googleapis.com/v1/projects/tcc-desconecta/serviceAccounts/tcc-desconecta@appspot.gserviceaccount.com:testIamPermissions [none]
[debug] [2026-06-13T14:40:13.384Z] >>> [apiv2][body] POST https://iam.googleapis.com/v1/projects/tcc-desconecta/serviceAccounts/tcc-desconecta@appspot.gserviceaccount.com:testIamPermissions {"permissions":["iam.serviceAccounts.actAs"]}
[debug] [2026-06-13T14:40:14.423Z] <<< [apiv2][status] POST https://iam.googleapis.com/v1/projects/tcc-desconecta/serviceAccounts/tcc-desconecta@appspot.gserviceaccount.com:testIamPermissions 200
[debug] [2026-06-13T14:40:14.423Z] <<< [apiv2][body] POST https://iam.googleapis.com/v1/projects/tcc-desconecta/serviceAccounts/tcc-desconecta@appspot.gserviceaccount.com:testIamPermissions {"permissions":["iam.serviceAccounts.actAs"]}
[info] 
[info] === Deploying to 'tcc-desconecta'...
[info] 
[info] i  deploying functions 
[info] Running command: npm --prefix "$RESOURCE_DIR" run lint
[info] Running command: npm --prefix "$RESOURCE_DIR" run build
[info] ✔  functions: Finished running predeploy script. 
[debug] [2026-06-13T14:40:21.423Z] Checked if tokens are valid: true, expires at: 1781364756752
[debug] [2026-06-13T14:40:21.423Z] Checked if tokens are valid: true, expires at: 1781364756752
[debug] [2026-06-13T14:40:21.423Z] >>> [apiv2][query] GET https://cloudresourcemanager.googleapis.com/v1/projects/tcc-desconecta [none]
[debug] [2026-06-13T14:40:22.318Z] <<< [apiv2][status] GET https://cloudresourcemanager.googleapis.com/v1/projects/tcc-desconecta 200
[debug] [2026-06-13T14:40:22.318Z] <<< [apiv2][body] GET https://cloudresourcemanager.googleapis.com/v1/projects/tcc-desconecta {"projectNumber":"373913932164","projectId":"tcc-desconecta","lifecycleState":"ACTIVE","name":"tcc-desconecta","labels":{"firebase":"enabled","firebase-core":"disabled"},"createTime":"2026-01-26T00:52:16.203179Z"}
[info] i  functions: preparing codebase default for deployment 
[info] i  functions: ensuring required API cloudfunctions.googleapis.com is enabled... 
[info] i  functions: ensuring required API cloudbuild.googleapis.com is enabled... 
[info] i  artifactregistry: ensuring required API artifactregistry.googleapis.com is enabled... 
[debug] [2026-06-13T14:40:22.337Z] Checked if tokens are valid: true, expires at: 1781364756752
[debug] [2026-06-13T14:40:22.337Z] Checked if tokens are valid: true, expires at: 1781364756752
[debug] [2026-06-13T14:40:22.337Z] >>> [apiv2][query] GET https://firebase.googleapis.com/v1beta1/projects/tcc-desconecta/adminSdkConfig [none]
[debug] [2026-06-13T14:40:22.891Z] <<< [apiv2][status] GET https://firebase.googleapis.com/v1beta1/projects/tcc-desconecta/adminSdkConfig 200
[debug] [2026-06-13T14:40:22.891Z] <<< [apiv2][body] GET https://firebase.googleapis.com/v1beta1/projects/tcc-desconecta/adminSdkConfig {"projectId":"tcc-desconecta","storageBucket":"tcc-desconecta.firebasestorage.app"}
[debug] [2026-06-13T14:40:22.893Z] Validating nodejs source
[warn] ⚠  functions: package.json indicates an outdated version of firebase-functions. Please upgrade using npm install --save firebase-functions@latest in your functions directory. 
[debug] [2026-06-13T14:40:23.677Z] > [functions] package.json contents: {
  "name": "functions",
  "scripts": {
    "lint": "eslint --ext .js,.ts .",
    "build": "tsc",
    "build:watch": "tsc --watch",
    "serve": "npm run build && firebase emulators:start --only functions",
    "shell": "npm run build && firebase functions:shell",
    "start": "npm run shell",
    "deploy": "firebase deploy --only functions",
    "logs": "firebase functions:log"
  },
  "engines": {
    "node": "24"
  },
  "main": "lib/index.js",
  "dependencies": {
    "firebase-admin": "^13.6.0",
    "firebase-functions": "^7.0.0"
  },
  "devDependencies": {
    "@typescript-eslint/eslint-plugin": "^5.12.0",
    "@typescript-eslint/parser": "^5.12.0",
    "eslint": "^8.9.0",
    "eslint-config-google": "^0.14.0",
    "eslint-plugin-import": "^2.25.4",
    "firebase-functions-test": "^3.4.1",
    "typescript": "^5.7.3"
  },
  "private": true
}
[debug] [2026-06-13T14:40:23.677Z] Building nodejs source
[info] i  functions: Loading and analyzing source code for codebase default to determine what to deploy 
[debug] [2026-06-13T14:40:23.682Z] Could not find functions.yaml. Must use http discovery
[debug] [2026-06-13T14:40:23.688Z] Found firebase-functions binary at '/Users/ademario.santana/Study/tcc-desconecta/functions/node_modules/.bin/firebase-functions'
[info] Serving at port 8809

[debug] [2026-06-13T14:40:24.378Z] Got response from /__/functions.yaml {"endpoints":{"onActivityRegistered":{"availableMemoryMb":null,"timeoutSeconds":null,"minInstances":null,"maxInstances":null,"ingressSettings":null,"concurrency":null,"serviceAccountEmail":null,"vpc":null,"platform":"gcfv2","region":["southamerica-east1"],"labels":{},"eventTrigger":{"eventType":"google.cloud.firestore.document.v1.created","eventFilters":{"database":"(default)","namespace":"(default)"},"eventFilterPathPatterns":{"document":"grupos/{groupId}/atividades/{activityId}"},"retry":false},"entryPoint":"onActivityRegistered"},"onChallengeCompleted":{"availableMemoryMb":null,"timeoutSeconds":null,"minInstances":null,"maxInstances":null,"ingressSettings":null,"concurrency":null,"serviceAccountEmail":null,"vpc":null,"platform":"gcfv2","region":["southamerica-east1"],"labels":{},"eventTrigger":{"eventType":"google.cloud.firestore.document.v1.updated","eventFilters":{"database":"(default)","namespace":"(default)"},"eventFilterPathPatterns":{"document":"desafios/{challengeId}/participantes/{userId}"},"retry":false},"entryPoint":"onChallengeCompleted"},"sendGroupNotification":{"availableMemoryMb":null,"timeoutSeconds":null,"minInstances":null,"maxInstances":null,"ingressSettings":null,"concurrency":null,"serviceAccountEmail":null,"vpc":null,"platform":"gcfv2","region":["southamerica-east1"],"labels":{},"callableTrigger":{},"entryPoint":"sendGroupNotification"},"sendNotifications":{"availableMemoryMb":null,"timeoutSeconds":null,"minInstances":null,"maxInstances":10,"ingressSettings":null,"concurrency":null,"serviceAccountEmail":null,"vpc":null,"platform":"gcfv2","region":["southamerica-east1"],"labels":{},"eventTrigger":{"eventType":"google.cloud.firestore.document.v1.created","eventFilters":{"database":"(default)","namespace":"(default)"},"eventFilterPathPatterns":{"document":"notificacoes_pendentes/{notificationId}"},"retry":false},"entryPoint":"sendNotifications"},"cleanupInvalidTokens":{"availableMemoryMb":null,"timeoutSeconds":null,"minInstances":null,"maxInstances":10,"ingressSettings":null,"concurrency":null,"serviceAccountEmail":null,"vpc":null,"platform":"gcfv2","region":["southamerica-east1"],"labels":{},"callableTrigger":{},"entryPoint":"cleanupInvalidTokens"},"sendGroupNotificationManual":{"availableMemoryMb":null,"timeoutSeconds":null,"minInstances":null,"maxInstances":10,"ingressSettings":null,"concurrency":null,"serviceAccountEmail":null,"vpc":null,"platform":"gcfv2","region":["southamerica-east1"],"labels":{},"callableTrigger":{},"entryPoint":"sendGroupNotificationManual"},"cleanupOldNotifications":{"availableMemoryMb":null,"timeoutSeconds":null,"minInstances":null,"maxInstances":10,"ingressSettings":null,"concurrency":null,"serviceAccountEmail":null,"vpc":null,"platform":"gcfv2","region":["southamerica-east1"],"labels":{},"scheduleTrigger":{"schedule":"every 24 hours","retryConfig":{"retryCount":null,"maxDoublings":null,"maxRetrySeconds":null,"minBackoffSeconds":null,"maxBackoffSeconds":null},"timeZone":null},"entryPoint":"cleanupOldNotifications"}},"specVersion":"v1alpha1","requiredAPIs":[{"api":"cloudscheduler.googleapis.com","reason":"Needed for scheduled functions."}],"extensions":{}}
[info] i  extensions: ensuring required API firebaseextensions.googleapis.com is enabled... 
[debug] [2026-06-13T14:40:28.405Z] > command requires scopes: ["email","openid","https://www.googleapis.com/auth/cloudplatformprojects.readonly","https://www.googleapis.com/auth/firebase","https://www.googleapis.com/auth/cloud-platform"]
[debug] [2026-06-13T14:40:28.406Z] > authorizing via signed-in user (ademario63@gmail.com)
[debug] [2026-06-13T14:40:28.406Z] [iam] checking project tcc-desconecta for permissions ["firebase.projects.get","firebaseextensions.instances.list"]
[debug] [2026-06-13T14:40:28.406Z] Checked if tokens are valid: true, expires at: 1781364756752
[debug] [2026-06-13T14:40:28.406Z] Checked if tokens are valid: true, expires at: 1781364756752
[debug] [2026-06-13T14:40:28.406Z] >>> [apiv2][query] POST https://cloudresourcemanager.googleapis.com/v1/projects/tcc-desconecta:testIamPermissions [none]
[debug] [2026-06-13T14:40:28.406Z] >>> [apiv2][(partial)header] POST https://cloudresourcemanager.googleapis.com/v1/projects/tcc-desconecta:testIamPermissions  x-goog-user-project=tcc-desconecta
[debug] [2026-06-13T14:40:28.406Z] >>> [apiv2][body] POST https://cloudresourcemanager.googleapis.com/v1/projects/tcc-desconecta:testIamPermissions {"permissions":["firebase.projects.get","firebaseextensions.instances.list"]}
[debug] [2026-06-13T14:40:28.707Z] <<< [apiv2][status] POST https://cloudresourcemanager.googleapis.com/v1/projects/tcc-desconecta:testIamPermissions 200
[debug] [2026-06-13T14:40:28.708Z] <<< [apiv2][body] POST https://cloudresourcemanager.googleapis.com/v1/projects/tcc-desconecta:testIamPermissions {"permissions":["firebase.projects.get","firebaseextensions.instances.list"]}
[debug] [2026-06-13T14:40:28.708Z] Checked if tokens are valid: true, expires at: 1781364756752
[debug] [2026-06-13T14:40:28.708Z] Checked if tokens are valid: true, expires at: 1781364756752
[debug] [2026-06-13T14:40:28.709Z] >>> [apiv2][query] GET https://firebaseextensions.googleapis.com/v1beta/projects/tcc-desconecta/instances pageSize=100&pageToken=
[debug] [2026-06-13T14:40:29.791Z] <<< [apiv2][status] GET https://firebaseextensions.googleapis.com/v1beta/projects/tcc-desconecta/instances 200
[debug] [2026-06-13T14:40:29.791Z] <<< [apiv2][body] GET https://firebaseextensions.googleapis.com/v1beta/projects/tcc-desconecta/instances {}
[info] i  functions: preparing functions directory for uploading... 
[info] i  functions: packaged /Users/ademario.santana/Study/tcc-desconecta/functions (113.04 KB) for uploading 
[debug] [2026-06-13T14:40:29.869Z] Checked if tokens are valid: true, expires at: 1781364756752
[debug] [2026-06-13T14:40:29.869Z] Checked if tokens are valid: true, expires at: 1781364756752
[debug] [2026-06-13T14:40:29.869Z] >>> [apiv2][query] GET https://cloudfunctions.googleapis.com/v1/projects/tcc-desconecta/locations/-/functions [none]
[debug] [2026-06-13T14:40:31.008Z] <<< [apiv2][status] GET https://cloudfunctions.googleapis.com/v1/projects/tcc-desconecta/locations/-/functions 200
[debug] [2026-06-13T14:40:31.008Z] <<< [apiv2][body] GET https://cloudfunctions.googleapis.com/v1/projects/tcc-desconecta/locations/-/functions {}
[debug] [2026-06-13T14:40:31.014Z] Checked if tokens are valid: true, expires at: 1781364756752
[debug] [2026-06-13T14:40:31.015Z] Checked if tokens are valid: true, expires at: 1781364756752
[debug] [2026-06-13T14:40:31.015Z] >>> [apiv2][query] GET https://cloudfunctions.googleapis.com/v2/projects/tcc-desconecta/locations/-/functions filter=environment%3D%22GEN_2%22
[debug] [2026-06-13T14:40:32.432Z] <<< [apiv2][status] GET https://cloudfunctions.googleapis.com/v2/projects/tcc-desconecta/locations/-/functions 200
[debug] [2026-06-13T14:40:32.433Z] <<< [apiv2][body] GET https://cloudfunctions.googleapis.com/v2/projects/tcc-desconecta/locations/-/functions {"functions":[{"name":"projects/tcc-desconecta/locations/southamerica-east1/functions/sendNotifications","buildConfig":{"build":"projects/373913932164/locations/southamerica-east1/builds/85c00a62-3729-4aa7-bc0c-074d6fa92f5a","runtime":"nodejs24","entryPoint":"sendNotifications","source":{"storageSource":{"bucket":"gcf-v2-sources-373913932164-southamerica-east1","object":"sendNotifications/function-source.zip","generation":"1771361209750477"}},"environmentVariables":{"GOOGLE_NODE_RUN_SCRIPTS":""},"dockerRepository":"projects/tcc-desconecta/locations/southamerica-east1/repositories/gcf-artifacts","sourceProvenance":{"resolvedStorageSource":{"bucket":"gcf-v2-sources-373913932164-southamerica-east1","object":"sendNotifications/function-source.zip","generation":"1771361209750477"}},"dockerRegistry":"ARTIFACT_REGISTRY","serviceAccount":"projects/tcc-desconecta/serviceAccounts/373913932164-compute@developer.gserviceaccount.com","automaticUpdatePolicy":{}},"serviceConfig":{"service":"projects/tcc-desconecta/locations/southamerica-east1/services/sendnotifications","timeoutSeconds":60,"environmentVariables":{"FIREBASE_CONFIG":"{\"projectId\":\"tcc-desconecta\",\"storageBucket\":\"tcc-desconecta.firebasestorage.app\"}","GCLOUD_PROJECT":"tcc-desconecta","EVENTARC_CLOUD_EVENT_SOURCE":"projects/tcc-desconecta/locations/southamerica-east1/services/sendNotifications","FUNCTION_SIGNATURE_TYPE":"cloudevent","FUNCTION_TARGET":"sendNotifications","LOG_EXECUTION_ID":"true"},"maxInstanceCount":10,"ingressSettings":"ALLOW_ALL","uri":"https://sendnotifications-mnvkaaduoq-rj.a.run.app","serviceAccountEmail":"373913932164-compute@developer.gserviceaccount.com","availableMemory":"256Mi","allTrafficOnLatestRevision":true,"revision":"sendnotifications-00002-niv","maxInstanceRequestConcurrency":80,"availableCpu":"1"},"state":"UNKNOWN","updateTime":"2026-05-03T01:46:26.690609967Z","labels":{"deployment-tool":"cli-firebase","firebase-functions-hash":"46bdd9fc1e5daa0ae6f6c0f5cc2983030c8f1212"},"stateMessages":[{"severity":"ERROR","type":"EventarcErrorGettingTrigger","message":"Eventarc trigger projects/tcc-desconecta/locations/southamerica-east1/triggers/sendnotifications-961901 could not be retrieved. PERMISSION_DENIED Failed to get trigger projects/tcc-desconecta/locations/southamerica-east1/triggers/sendnotifications-961901: Read access to project 'tcc-desconecta' was denied: please check billing account associated and retry"}],"environment":"GEN_2","url":"https://southamerica-east1-tcc-desconecta.cloudfunctions.net/sendNotifications","createTime":"2026-02-17T20:41:28.282038990Z"},{"name":"projects/tcc-desconecta/locations/us-central1/functions/cleanupOldNotifications","buildConfig":{"build":"projects/373913932164/locations/us-central1/builds/bf1474f3-3dee-4179-8b57-d96f3760a713","runtime":"nodejs24","entryPoint":"cleanupOldNotifications","source":{"storageSource":{"bucket":"gcf-v2-sources-373913932164-us-central1","object":"cleanupOldNotifications/function-source.zip","generation":"1771356705194768"}},"environmentVariables":{"GOOGLE_NODE_RUN_SCRIPTS":""},"dockerRepository":"projects/tcc-desconecta/locations/us-central1/repositories/gcf-artifacts","sourceProvenance":{"resolvedStorageSource":{"bucket":"gcf-v2-sources-373913932164-us-central1","object":"cleanupOldNotifications/function-source.zip","generation":"1771356705194768"}},"dockerRegistry":"ARTIFACT_REGISTRY","serviceAccount":"projects/tcc-desconecta/serviceAccounts/373913932164-compute@developer.gserviceaccount.com","automaticUpdatePolicy":{}},"serviceConfig":{"service":"projects/tcc-desconecta/locations/us-central1/services/cleanupoldnotifications","timeoutSeconds":60,"environmentVariables":{"FIREBASE_CONFIG":"{\"projectId\":\"tcc-desconecta\",\"storageBucket\":\"tcc-desconecta.firebasestorage.app\"}","GCLOUD_PROJECT":"tcc-desconecta","EVENTARC_CLOUD_EVENT_SOURCE":"projects/tcc-desconecta/locations/us-central1/services/cleanupOldNotifications","FUNCTION_TARGET":"cleanupOldNotifications","LOG_EXECUTION_ID":"true"},"maxInstanceCount":10,"ingressSettings":"ALLOW_ALL","uri":"https://cleanupoldnotifications-mnvkaaduoq-uc.a.run.app","serviceAccountEmail":"373913932164-compute@developer.gserviceaccount.com","availableMemory":"256Mi","allTrafficOnLatestRevision":true,"revision":"cleanupoldnotifications-00001-tuc","maxInstanceRequestConcurrency":80,"availableCpu":"1"},"state":"ACTIVE","updateTime":"2026-05-03T01:46:26.708144100Z","labels":{"deployment-tool":"cli-firebase","deployment-scheduled":"true","firebase-functions-hash":"556d86d7bcf2aac67f86e10de68b66e98aafc1e7"},"environment":"GEN_2","url":"https://us-central1-tcc-desconecta.cloudfunctions.net/cleanupOldNotifications","createTime":"2026-02-17T19:31:45.480199478Z"},{"name":"projects/tcc-desconecta/locations/us-central1/functions/cleanupInvalidTokens","buildConfig":{"build":"projects/373913932164/locations/us-central1/builds/5618b32c-af03-4fe3-bb52-0f118ff14464","runtime":"nodejs24","entryPoint":"cleanupInvalidTokens","source":{"storageSource":{"bucket":"gcf-v2-sources-373913932164-us-central1","object":"cleanupInvalidTokens/function-source.zip","generation":"1771356705731785"}},"environmentVariables":{"GOOGLE_NODE_RUN_SCRIPTS":""},"dockerRepository":"projects/tcc-desconecta/locations/us-central1/repositories/gcf-artifacts","sourceProvenance":{"resolvedStorageSource":{"bucket":"gcf-v2-sources-373913932164-us-central1","object":"cleanupInvalidTokens/function-source.zip","generation":"1771356705731785"}},"dockerRegistry":"ARTIFACT_REGISTRY","serviceAccount":"projects/tcc-desconecta/serviceAccounts/373913932164-compute@developer.gserviceaccount.com","automaticUpdatePolicy":{}},"serviceConfig":{"service":"projects/tcc-desconecta/locations/us-central1/services/cleanupinvalidtokens","timeoutSeconds":60,"environmentVariables":{"FIREBASE_CONFIG":"{\"projectId\":\"tcc-desconecta\",\"storageBucket\":\"tcc-desconecta.firebasestorage.app\"}","GCLOUD_PROJECT":"tcc-desconecta","EVENTARC_CLOUD_EVENT_SOURCE":"projects/tcc-desconecta/locations/us-central1/services/cleanupInvalidTokens","FUNCTION_TARGET":"cleanupInvalidTokens","LOG_EXECUTION_ID":"true"},"maxInstanceCount":10,"ingressSettings":"ALLOW_ALL","uri":"https://cleanupinvalidtokens-mnvkaaduoq-uc.a.run.app","serviceAccountEmail":"373913932164-compute@developer.gserviceaccount.com","availableMemory":"256Mi","allTrafficOnLatestRevision":true,"revision":"cleanupinvalidtokens-00001-wez","maxInstanceRequestConcurrency":80,"availableCpu":"1"},"state":"ACTIVE","updateTime":"2026-05-03T01:46:26.725003809Z","labels":{"deployment-callable":"true","firebase-functions-hash":"556d86d7bcf2aac67f86e10de68b66e98aafc1e7","deployment-tool":"cli-firebase"},"environment":"GEN_2","url":"https://us-central1-tcc-desconecta.cloudfunctions.net/cleanupInvalidTokens","createTime":"2026-02-17T19:31:46.087518906Z"},{"name":"projects/tcc-desconecta/locations/us-central1/functions/sendGroupNotificationManual","buildConfig":{"build":"projects/373913932164/locations/us-central1/builds/586fb1d2-e5ac-46fe-b273-4af573f9bf84","runtime":"nodejs24","entryPoint":"sendGroupNotificationManual","source":{"storageSource":{"bucket":"gcf-v2-sources-373913932164-us-central1","object":"sendGroupNotificationManual/function-source.zip","generation":"1771356705733629"}},"environmentVariables":{"GOOGLE_NODE_RUN_SCRIPTS":""},"dockerRepository":"projects/tcc-desconecta/locations/us-central1/repositories/gcf-artifacts","sourceProvenance":{"resolvedStorageSource":{"bucket":"gcf-v2-sources-373913932164-us-central1","object":"sendGroupNotificationManual/function-source.zip","generation":"1771356705733629"}},"dockerRegistry":"ARTIFACT_REGISTRY","serviceAccount":"projects/tcc-desconecta/serviceAccounts/373913932164-compute@developer.gserviceaccount.com","automaticUpdatePolicy":{}},"serviceConfig":{"service":"projects/tcc-desconecta/locations/us-central1/services/sendgroupnotificationmanual","timeoutSeconds":60,"environmentVariables":{"FIREBASE_CONFIG":"{\"projectId\":\"tcc-desconecta\",\"storageBucket\":\"tcc-desconecta.firebasestorage.app\"}","GCLOUD_PROJECT":"tcc-desconecta","EVENTARC_CLOUD_EVENT_SOURCE":"projects/tcc-desconecta/locations/us-central1/services/sendGroupNotificationManual","FUNCTION_TARGET":"sendGroupNotificationManual","LOG_EXECUTION_ID":"true"},"maxInstanceCount":10,"ingressSettings":"ALLOW_ALL","uri":"https://sendgroupnotificationmanual-mnvkaaduoq-uc.a.run.app","serviceAccountEmail":"373913932164-compute@developer.gserviceaccount.com","availableMemory":"256Mi","allTrafficOnLatestRevision":true,"revision":"sendgroupnotificationmanual-00001-zuj","maxInstanceRequestConcurrency":80,"availableCpu":"1"},"state":"ACTIVE","updateTime":"2026-05-03T01:46:26.730595479Z","labels":{"deployment-tool":"cli-firebase","deployment-callable":"true","firebase-functions-hash":"556d86d7bcf2aac67f86e10de68b66e98aafc1e7"},"environment":"GEN_2","url":"https://us-central1-tcc-desconecta.cloudfunctions.net/sendGroupNotificationManual","createTime":"2026-02-17T19:31:46.009810592Z"}]}
[debug] [2026-06-13T14:40:32.436Z] Checked if tokens are valid: true, expires at: 1781364756752
[debug] [2026-06-13T14:40:32.436Z] Checked if tokens are valid: true, expires at: 1781364756752
[debug] [2026-06-13T14:40:32.437Z] >>> [apiv2][query] GET https://firestore.googleapis.com/v1/projects/tcc-desconecta/databases/(default) [none]
[debug] [2026-06-13T14:40:32.695Z] <<< [apiv2][status] GET https://firestore.googleapis.com/v1/projects/tcc-desconecta/databases/(default) 200
[debug] [2026-06-13T14:40:32.695Z] <<< [apiv2][body] GET https://firestore.googleapis.com/v1/projects/tcc-desconecta/databases/(default) {"name":"projects/tcc-desconecta/databases/(default)","uid":"9f18ff69-0455-4f1b-995e-6e31cd17305e","createTime":"2026-01-30T18:06:30.232670Z","updateTime":"2026-01-30T18:06:30.232670Z","locationId":"southamerica-east1","type":"FIRESTORE_NATIVE","concurrencyMode":"PESSIMISTIC","versionRetentionPeriod":"3600s","earliestVersionTime":"2026-06-13T13:40:32.689945Z","appEngineIntegrationMode":"DISABLED","keyPrefix":"i","pointInTimeRecoveryEnablement":"POINT_IN_TIME_RECOVERY_DISABLED","deleteProtectionState":"DELETE_PROTECTION_DISABLED","databaseEdition":"STANDARD","freeTier":true,"realtimeUpdatesMode":"REALTIME_UPDATES_MODE_ENABLED","etag":"IKT31Jq5hJUDMMH1tJas15ID"}
[info] i  functions: ensuring required API cloudscheduler.googleapis.com is enabled... 
[info] i  functions: ensuring required API run.googleapis.com is enabled... 
[info] i  functions: ensuring required API eventarc.googleapis.com is enabled... 
[info] i  functions: ensuring required API pubsub.googleapis.com is enabled... 
[info] i  functions: ensuring required API storage.googleapis.com is enabled... 
[info] i  functions: generating the service identity for pubsub.googleapis.com... 
[debug] [2026-06-13T14:40:32.700Z] Checked if tokens are valid: true, expires at: 1781364756752
[debug] [2026-06-13T14:40:32.701Z] Checked if tokens are valid: true, expires at: 1781364756752
[info] i  functions: generating the service identity for eventarc.googleapis.com... 
[debug] [2026-06-13T14:40:32.701Z] Checked if tokens are valid: true, expires at: 1781364756752
[debug] [2026-06-13T14:40:32.701Z] Checked if tokens are valid: true, expires at: 1781364756752
[debug] [2026-06-13T14:40:32.701Z] >>> [apiv2][query] POST https://serviceusage.googleapis.com/v1beta1/projects/373913932164/services/pubsub.googleapis.com:generateServiceIdentity [none]
[debug] [2026-06-13T14:40:32.701Z] >>> [apiv2][(partial)header] POST https://serviceusage.googleapis.com/v1beta1/projects/373913932164/services/pubsub.googleapis.com:generateServiceIdentity  x-goog-user-project=373913932164
[debug] [2026-06-13T14:40:32.701Z] >>> [apiv2][body] POST https://serviceusage.googleapis.com/v1beta1/projects/373913932164/services/pubsub.googleapis.com:generateServiceIdentity {}
[debug] [2026-06-13T14:40:32.707Z] >>> [apiv2][query] POST https://serviceusage.googleapis.com/v1beta1/projects/373913932164/services/eventarc.googleapis.com:generateServiceIdentity [none]
[debug] [2026-06-13T14:40:32.707Z] >>> [apiv2][(partial)header] POST https://serviceusage.googleapis.com/v1beta1/projects/373913932164/services/eventarc.googleapis.com:generateServiceIdentity  x-goog-user-project=373913932164
[debug] [2026-06-13T14:40:32.707Z] >>> [apiv2][body] POST https://serviceusage.googleapis.com/v1beta1/projects/373913932164/services/eventarc.googleapis.com:generateServiceIdentity {}
[debug] [2026-06-13T14:40:33.960Z] <<< [apiv2][status] POST https://serviceusage.googleapis.com/v1beta1/projects/373913932164/services/pubsub.googleapis.com:generateServiceIdentity 200
[debug] [2026-06-13T14:40:33.960Z] <<< [apiv2][body] POST https://serviceusage.googleapis.com/v1beta1/projects/373913932164/services/pubsub.googleapis.com:generateServiceIdentity {"name":"operations/finished.DONE_OPERATION","done":true,"response":{"@type":"type.googleapis.com/google.api.serviceusage.v1beta1.ServiceIdentity","email":"service-373913932164@gcp-sa-pubsub.iam.gserviceaccount.com","uniqueId":"107937125949391126000"}}
[debug] [2026-06-13T14:40:33.964Z] <<< [apiv2][status] POST https://serviceusage.googleapis.com/v1beta1/projects/373913932164/services/eventarc.googleapis.com:generateServiceIdentity 200
[debug] [2026-06-13T14:40:33.964Z] <<< [apiv2][body] POST https://serviceusage.googleapis.com/v1beta1/projects/373913932164/services/eventarc.googleapis.com:generateServiceIdentity {"name":"operations/finished.DONE_OPERATION","done":true,"response":{"@type":"type.googleapis.com/google.api.serviceusage.v1beta1.ServiceIdentity","email":"service-373913932164@gcp-sa-eventarc.iam.gserviceaccount.com","uniqueId":"106240204172277850803"}}
[debug] [2026-06-13T14:40:33.965Z] Checked if tokens are valid: true, expires at: 1781364756752
[debug] [2026-06-13T14:40:33.965Z] Checked if tokens are valid: true, expires at: 1781364756752
[debug] [2026-06-13T14:40:33.965Z] >>> [apiv2][query] GET https://compute.googleapis.com/compute/v1/projects/373913932164 [none]
[debug] [2026-06-13T14:40:34.482Z] <<< [apiv2][status] GET https://compute.googleapis.com/compute/v1/projects/373913932164 403
[debug] [2026-06-13T14:40:34.482Z] <<< [apiv2][body] GET https://compute.googleapis.com/compute/v1/projects/373913932164 {"error":{"code":403,"message":"Compute Engine API has not been used in project 373913932164 before or it is disabled. Enable it by visiting https://console.developers.google.com/apis/api/compute.googleapis.com/overview?project=373913932164 then retry. If you enabled this API recently, wait a few minutes for the action to propagate to our systems and retry.","errors":[{"message":"Compute Engine API has not been used in project 373913932164 before or it is disabled. Enable it by visiting https://console.developers.google.com/apis/api/compute.googleapis.com/overview?project=373913932164 then retry. If you enabled this API recently, wait a few minutes for the action to propagate to our systems and retry.","domain":"usageLimits","reason":"accessNotConfigured","extendedHelp":"https://console.developers.google.com"}],"status":"PERMISSION_DENIED","details":[{"@type":"type.googleapis.com/google.rpc.ErrorInfo","reason":"SERVICE_DISABLED","domain":"googleapis.com","metadata":{"activationUrl":"https://console.developers.google.com/apis/api/compute.googleapis.com/overview?project=373913932164","containerInfo":"373913932164","service":"compute.googleapis.com","serviceTitle":"Compute Engine API","consumer":"projects/373913932164"}},{"@type":"type.googleapis.com/google.rpc.LocalizedMessage","locale":"en-US","message":"Compute Engine API has not been used in project 373913932164 before or it is disabled. Enable it by visiting https://console.developers.google.com/apis/api/compute.googleapis.com/overview?project=373913932164 then retry. If you enabled this API recently, wait a few minutes for the action to propagate to our systems and retry."},{"@type":"type.googleapis.com/google.rpc.Help","links":[{"description":"Google developers console API activation","url":"https://console.developers.google.com/apis/api/compute.googleapis.com/overview?project=373913932164"}]}]}}
[debug] [2026-06-13T14:40:34.482Z] unable to look up default compute service account. Falling back to 373913932164-compute@developer.gserviceaccount.com. Error: {"name":"FirebaseError","children":[],"context":{"body":{"error":{"code":403,"message":"Compute Engine API has not been used in project 373913932164 before or it is disabled. Enable it by visiting https://console.developers.google.com/apis/api/compute.googleapis.com/overview?project=373913932164 then retry. If you enabled this API recently, wait a few minutes for the action to propagate to our systems and retry.","errors":[{"message":"Compute Engine API has not been used in project 373913932164 before or it is disabled. Enable it by visiting https://console.developers.google.com/apis/api/compute.googleapis.com/overview?project=373913932164 then retry. If you enabled this API recently, wait a few minutes for the action to propagate to our systems and retry.","domain":"usageLimits","reason":"accessNotConfigured","extendedHelp":"https://console.developers.google.com"}],"status":"PERMISSION_DENIED","details":[{"@type":"type.googleapis.com/google.rpc.ErrorInfo","reason":"SERVICE_DISABLED","domain":"googleapis.com","metadata":{"activationUrl":"https://console.developers.google.com/apis/api/compute.googleapis.com/overview?project=373913932164","containerInfo":"373913932164","service":"compute.googleapis.com","serviceTitle":"Compute Engine API","consumer":"projects/373913932164"}},{"@type":"type.googleapis.com/google.rpc.LocalizedMessage","locale":"en-US","message":"Compute Engine API has not been used in project 373913932164 before or it is disabled. Enable it by visiting https://console.developers.google.com/apis/api/compute.googleapis.com/overview?project=373913932164 then retry. If you enabled this API recently, wait a few minutes for the action to propagate to our systems and retry."},{"@type":"type.googleapis.com/google.rpc.Help","links":[{"description":"Google developers console API activation","url":"https://console.developers.google.com/apis/api/compute.googleapis.com/overview?project=373913932164"}]}]}},"response":{"statusCode":403}},"exit":1,"message":"Request to https://compute.googleapis.com/compute/v1/projects/373913932164 had HTTP Error: 403, Compute Engine API has not been used in project 373913932164 before or it is disabled. Enable it by visiting https://console.developers.google.com/apis/api/compute.googleapis.com/overview?project=373913932164 then retry. If you enabled this API recently, wait a few minutes for the action to propagate to our systems and retry.","status":403}
[debug] [2026-06-13T14:40:34.482Z] Checked if tokens are valid: true, expires at: 1781364756752
[debug] [2026-06-13T14:40:34.482Z] Checked if tokens are valid: true, expires at: 1781364756752
[debug] [2026-06-13T14:40:34.482Z] >>> [apiv2][query] POST https://cloudresourcemanager.googleapis.com/v1/projects/373913932164:getIamPolicy [none]
[debug] [2026-06-13T14:40:35.393Z] <<< [apiv2][status] POST https://cloudresourcemanager.googleapis.com/v1/projects/373913932164:getIamPolicy 200
[debug] [2026-06-13T14:40:35.393Z] <<< [apiv2][body] POST https://cloudresourcemanager.googleapis.com/v1/projects/373913932164:getIamPolicy {"version":1,"etag":"BwZLCyUR54I=","bindings":[{"role":"roles/artifactregistry.serviceAgent","members":["serviceAccount:service-373913932164@gcp-sa-artifactregistry.iam.gserviceaccount.com"]},{"role":"roles/cloudbuild.builds.builder","members":["serviceAccount:373913932164@cloudbuild.gserviceaccount.com"]},{"role":"roles/cloudbuild.serviceAgent","members":["serviceAccount:service-373913932164@gcp-sa-cloudbuild.iam.gserviceaccount.com"]},{"role":"roles/cloudfunctions.serviceAgent","members":["serviceAccount:service-373913932164@gcf-admin-robot.iam.gserviceaccount.com"]},{"role":"roles/cloudscheduler.serviceAgent","members":["serviceAccount:service-373913932164@gcp-sa-cloudscheduler.iam.gserviceaccount.com"]},{"role":"roles/containerregistry.ServiceAgent","members":["serviceAccount:service-373913932164@containerregistry.iam.gserviceaccount.com"]},{"role":"roles/editor","members":["serviceAccount:373913932164-compute@developer.gserviceaccount.com","serviceAccount:373913932164@cloudservices.gserviceaccount.com","serviceAccount:tcc-desconecta@appspot.gserviceaccount.com"]},{"role":"roles/eventarc.eventReceiver","members":["serviceAccount:373913932164-compute@developer.gserviceaccount.com"]},{"role":"roles/eventarc.serviceAgent","members":["serviceAccount:service-373913932164@gcp-sa-eventarc.iam.gserviceaccount.com"]},{"role":"roles/firebase.managementServiceAgent","members":["serviceAccount:service-373913932164@gcp-sa-firebase.iam.gserviceaccount.com"]},{"role":"roles/firebase.sdkAdminServiceAgent","members":["serviceAccount:firebase-adminsdk-fbsvc@tcc-desconecta.iam.gserviceaccount.com"]},{"role":"roles/firebaseauth.admin","members":["serviceAccount:firebase-adminsdk-fbsvc@tcc-desconecta.iam.gserviceaccount.com"]},{"role":"roles/firebasemods.serviceAgent","members":["serviceAccount:service-373913932164@gcp-sa-firebasemods.iam.gserviceaccount.com"]},{"role":"roles/firebaserules.system","members":["serviceAccount:service-373913932164@firebase-rules.iam.gserviceaccount.com"]},{"role":"roles/firebasestorage.serviceAgent","members":["serviceAccount:service-373913932164@gcp-sa-firebasestorage.iam.gserviceaccount.com"]},{"role":"roles/firestore.serviceAgent","members":["serviceAccount:service-373913932164@gcp-sa-firestore.iam.gserviceaccount.com"]},{"role":"roles/iam.serviceAccountTokenCreator","members":["serviceAccount:firebase-adminsdk-fbsvc@tcc-desconecta.iam.gserviceaccount.com","serviceAccount:service-373913932164@gcp-sa-pubsub.iam.gserviceaccount.com"]},{"role":"roles/owner","members":["user:ademario63@gmail.com"]},{"role":"roles/pubsub.serviceAgent","members":["serviceAccount:service-373913932164@gcp-sa-pubsub.iam.gserviceaccount.com"]},{"role":"roles/run.invoker","members":["serviceAccount:373913932164-compute@developer.gserviceaccount.com"]},{"role":"roles/run.serviceAgent","members":["serviceAccount:service-373913932164@serverless-robot-prod.iam.gserviceaccount.com"]},{"role":"roles/storage.admin","members":["serviceAccount:firebase-adminsdk-fbsvc@tcc-desconecta.iam.gserviceaccount.com"]}]}
[debug] [2026-06-13T14:40:35.395Z] Checked if tokens are valid: true, expires at: 1781364756752
[debug] [2026-06-13T14:40:35.395Z] Checked if tokens are valid: true, expires at: 1781364756752
[debug] [2026-06-13T14:40:35.395Z] >>> [apiv2][query] GET https://cloudresourcemanager.googleapis.com/v1/projects/tcc-desconecta [none]
[debug] [2026-06-13T14:40:35.588Z] <<< [apiv2][status] GET https://cloudresourcemanager.googleapis.com/v1/projects/tcc-desconecta 200
[debug] [2026-06-13T14:40:35.588Z] <<< [apiv2][body] GET https://cloudresourcemanager.googleapis.com/v1/projects/tcc-desconecta {"projectNumber":"373913932164","projectId":"tcc-desconecta","lifecycleState":"ACTIVE","name":"tcc-desconecta","labels":{"firebase":"enabled","firebase-core":"disabled"},"createTime":"2026-01-26T00:52:16.203179Z"}
[debug] [2026-06-13T14:40:35.589Z] Checked if tokens are valid: true, expires at: 1781364756752
[debug] [2026-06-13T14:40:35.589Z] Checked if tokens are valid: true, expires at: 1781364756752
[debug] [2026-06-13T14:40:35.589Z] >>> [apiv2][query] GET https://compute.googleapis.com/compute/v1/projects/373913932164 [none]
[debug] [2026-06-13T14:40:35.867Z] <<< [apiv2][status] GET https://compute.googleapis.com/compute/v1/projects/373913932164 403
[debug] [2026-06-13T14:40:35.867Z] <<< [apiv2][body] GET https://compute.googleapis.com/compute/v1/projects/373913932164 {"error":{"code":403,"message":"Compute Engine API has not been used in project 373913932164 before or it is disabled. Enable it by visiting https://console.developers.google.com/apis/api/compute.googleapis.com/overview?project=373913932164 then retry. If you enabled this API recently, wait a few minutes for the action to propagate to our systems and retry.","errors":[{"message":"Compute Engine API has not been used in project 373913932164 before or it is disabled. Enable it by visiting https://console.developers.google.com/apis/api/compute.googleapis.com/overview?project=373913932164 then retry. If you enabled this API recently, wait a few minutes for the action to propagate to our systems and retry.","domain":"usageLimits","reason":"accessNotConfigured","extendedHelp":"https://console.developers.google.com"}],"status":"PERMISSION_DENIED","details":[{"@type":"type.googleapis.com/google.rpc.ErrorInfo","reason":"SERVICE_DISABLED","domain":"googleapis.com","metadata":{"service":"compute.googleapis.com","serviceTitle":"Compute Engine API","consumer":"projects/373913932164","containerInfo":"373913932164","activationUrl":"https://console.developers.google.com/apis/api/compute.googleapis.com/overview?project=373913932164"}},{"@type":"type.googleapis.com/google.rpc.LocalizedMessage","locale":"en-US","message":"Compute Engine API has not been used in project 373913932164 before or it is disabled. Enable it by visiting https://console.developers.google.com/apis/api/compute.googleapis.com/overview?project=373913932164 then retry. If you enabled this API recently, wait a few minutes for the action to propagate to our systems and retry."},{"@type":"type.googleapis.com/google.rpc.Help","links":[{"description":"Google developers console API activation","url":"https://console.developers.google.com/apis/api/compute.googleapis.com/overview?project=373913932164"}]}]}}
[debug] [2026-06-13T14:40:35.867Z] unable to look up default compute service account. Falling back to 373913932164-compute@developer.gserviceaccount.com. Error: {"name":"FirebaseError","children":[],"context":{"body":{"error":{"code":403,"message":"Compute Engine API has not been used in project 373913932164 before or it is disabled. Enable it by visiting https://console.developers.google.com/apis/api/compute.googleapis.com/overview?project=373913932164 then retry. If you enabled this API recently, wait a few minutes for the action to propagate to our systems and retry.","errors":[{"message":"Compute Engine API has not been used in project 373913932164 before or it is disabled. Enable it by visiting https://console.developers.google.com/apis/api/compute.googleapis.com/overview?project=373913932164 then retry. If you enabled this API recently, wait a few minutes for the action to propagate to our systems and retry.","domain":"usageLimits","reason":"accessNotConfigured","extendedHelp":"https://console.developers.google.com"}],"status":"PERMISSION_DENIED","details":[{"@type":"type.googleapis.com/google.rpc.ErrorInfo","reason":"SERVICE_DISABLED","domain":"googleapis.com","metadata":{"service":"compute.googleapis.com","serviceTitle":"Compute Engine API","consumer":"projects/373913932164","containerInfo":"373913932164","activationUrl":"https://console.developers.google.com/apis/api/compute.googleapis.com/overview?project=373913932164"}},{"@type":"type.googleapis.com/google.rpc.LocalizedMessage","locale":"en-US","message":"Compute Engine API has not been used in project 373913932164 before or it is disabled. Enable it by visiting https://console.developers.google.com/apis/api/compute.googleapis.com/overview?project=373913932164 then retry. If you enabled this API recently, wait a few minutes for the action to propagate to our systems and retry."},{"@type":"type.googleapis.com/google.rpc.Help","links":[{"description":"Google developers console API activation","url":"https://console.developers.google.com/apis/api/compute.googleapis.com/overview?project=373913932164"}]}]}},"response":{"statusCode":403}},"exit":1,"message":"Request to https://compute.googleapis.com/compute/v1/projects/373913932164 had HTTP Error: 403, Compute Engine API has not been used in project 373913932164 before or it is disabled. Enable it by visiting https://console.developers.google.com/apis/api/compute.googleapis.com/overview?project=373913932164 then retry. If you enabled this API recently, wait a few minutes for the action to propagate to our systems and retry.","status":403}
[debug] [2026-06-13T14:40:35.867Z] Checked if tokens are valid: true, expires at: 1781364756752
[debug] [2026-06-13T14:40:35.867Z] Checked if tokens are valid: true, expires at: 1781364756752
[debug] [2026-06-13T14:40:35.867Z] >>> [apiv2][query] GET https://compute.googleapis.com/compute/v1/projects/373913932164 [none]
[debug] [2026-06-13T14:40:36.274Z] <<< [apiv2][status] GET https://compute.googleapis.com/compute/v1/projects/373913932164 403
[debug] [2026-06-13T14:40:36.274Z] <<< [apiv2][body] GET https://compute.googleapis.com/compute/v1/projects/373913932164 {"error":{"code":403,"message":"Compute Engine API has not been used in project 373913932164 before or it is disabled. Enable it by visiting https://console.developers.google.com/apis/api/compute.googleapis.com/overview?project=373913932164 then retry. If you enabled this API recently, wait a few minutes for the action to propagate to our systems and retry.","errors":[{"message":"Compute Engine API has not been used in project 373913932164 before or it is disabled. Enable it by visiting https://console.developers.google.com/apis/api/compute.googleapis.com/overview?project=373913932164 then retry. If you enabled this API recently, wait a few minutes for the action to propagate to our systems and retry.","domain":"usageLimits","reason":"accessNotConfigured","extendedHelp":"https://console.developers.google.com"}],"status":"PERMISSION_DENIED","details":[{"@type":"type.googleapis.com/google.rpc.ErrorInfo","reason":"SERVICE_DISABLED","domain":"googleapis.com","metadata":{"consumer":"projects/373913932164","serviceTitle":"Compute Engine API","activationUrl":"https://console.developers.google.com/apis/api/compute.googleapis.com/overview?project=373913932164","containerInfo":"373913932164","service":"compute.googleapis.com"}},{"@type":"type.googleapis.com/google.rpc.LocalizedMessage","locale":"en-US","message":"Compute Engine API has not been used in project 373913932164 before or it is disabled. Enable it by visiting https://console.developers.google.com/apis/api/compute.googleapis.com/overview?project=373913932164 then retry. If you enabled this API recently, wait a few minutes for the action to propagate to our systems and retry."},{"@type":"type.googleapis.com/google.rpc.Help","links":[{"description":"Google developers console API activation","url":"https://console.developers.google.com/apis/api/compute.googleapis.com/overview?project=373913932164"}]}]}}
[debug] [2026-06-13T14:40:36.275Z] unable to look up default compute service account. Falling back to 373913932164-compute@developer.gserviceaccount.com. Error: {"name":"FirebaseError","children":[],"context":{"body":{"error":{"code":403,"message":"Compute Engine API has not been used in project 373913932164 before or it is disabled. Enable it by visiting https://console.developers.google.com/apis/api/compute.googleapis.com/overview?project=373913932164 then retry. If you enabled this API recently, wait a few minutes for the action to propagate to our systems and retry.","errors":[{"message":"Compute Engine API has not been used in project 373913932164 before or it is disabled. Enable it by visiting https://console.developers.google.com/apis/api/compute.googleapis.com/overview?project=373913932164 then retry. If you enabled this API recently, wait a few minutes for the action to propagate to our systems and retry.","domain":"usageLimits","reason":"accessNotConfigured","extendedHelp":"https://console.developers.google.com"}],"status":"PERMISSION_DENIED","details":[{"@type":"type.googleapis.com/google.rpc.ErrorInfo","reason":"SERVICE_DISABLED","domain":"googleapis.com","metadata":{"consumer":"projects/373913932164","serviceTitle":"Compute Engine API","activationUrl":"https://console.developers.google.com/apis/api/compute.googleapis.com/overview?project=373913932164","containerInfo":"373913932164","service":"compute.googleapis.com"}},{"@type":"type.googleapis.com/google.rpc.LocalizedMessage","locale":"en-US","message":"Compute Engine API has not been used in project 373913932164 before or it is disabled. Enable it by visiting https://console.developers.google.com/apis/api/compute.googleapis.com/overview?project=373913932164 then retry. If you enabled this API recently, wait a few minutes for the action to propagate to our systems and retry."},{"@type":"type.googleapis.com/google.rpc.Help","links":[{"description":"Google developers console API activation","url":"https://console.developers.google.com/apis/api/compute.googleapis.com/overview?project=373913932164"}]}]}},"response":{"statusCode":403}},"exit":1,"message":"Request to https://compute.googleapis.com/compute/v1/projects/373913932164 had HTTP Error: 403, Compute Engine API has not been used in project 373913932164 before or it is disabled. Enable it by visiting https://console.developers.google.com/apis/api/compute.googleapis.com/overview?project=373913932164 then retry. If you enabled this API recently, wait a few minutes for the action to propagate to our systems and retry.","status":403}
[debug] [2026-06-13T14:40:36.275Z] Checked if tokens are valid: true, expires at: 1781364756752
[debug] [2026-06-13T14:40:36.275Z] Checked if tokens are valid: true, expires at: 1781364756752
[debug] [2026-06-13T14:40:36.276Z] >>> [apiv2][query] GET https://compute.googleapis.com/compute/v1/projects/373913932164 [none]
[debug] [2026-06-13T14:40:36.547Z] <<< [apiv2][status] GET https://compute.googleapis.com/compute/v1/projects/373913932164 403
[debug] [2026-06-13T14:40:36.547Z] <<< [apiv2][body] GET https://compute.googleapis.com/compute/v1/projects/373913932164 {"error":{"code":403,"message":"Compute Engine API has not been used in project 373913932164 before or it is disabled. Enable it by visiting https://console.developers.google.com/apis/api/compute.googleapis.com/overview?project=373913932164 then retry. If you enabled this API recently, wait a few minutes for the action to propagate to our systems and retry.","errors":[{"message":"Compute Engine API has not been used in project 373913932164 before or it is disabled. Enable it by visiting https://console.developers.google.com/apis/api/compute.googleapis.com/overview?project=373913932164 then retry. If you enabled this API recently, wait a few minutes for the action to propagate to our systems and retry.","domain":"usageLimits","reason":"accessNotConfigured","extendedHelp":"https://console.developers.google.com"}],"status":"PERMISSION_DENIED","details":[{"@type":"type.googleapis.com/google.rpc.ErrorInfo","reason":"SERVICE_DISABLED","domain":"googleapis.com","metadata":{"serviceTitle":"Compute Engine API","containerInfo":"373913932164","activationUrl":"https://console.developers.google.com/apis/api/compute.googleapis.com/overview?project=373913932164","service":"compute.googleapis.com","consumer":"projects/373913932164"}},{"@type":"type.googleapis.com/google.rpc.LocalizedMessage","locale":"en-US","message":"Compute Engine API has not been used in project 373913932164 before or it is disabled. Enable it by visiting https://console.developers.google.com/apis/api/compute.googleapis.com/overview?project=373913932164 then retry. If you enabled this API recently, wait a few minutes for the action to propagate to our systems and retry."},{"@type":"type.googleapis.com/google.rpc.Help","links":[{"description":"Google developers console API activation","url":"https://console.developers.google.com/apis/api/compute.googleapis.com/overview?project=373913932164"}]}]}}
[debug] [2026-06-13T14:40:36.547Z] unable to look up default compute service account. Falling back to 373913932164-compute@developer.gserviceaccount.com. Error: {"name":"FirebaseError","children":[],"context":{"body":{"error":{"code":403,"message":"Compute Engine API has not been used in project 373913932164 before or it is disabled. Enable it by visiting https://console.developers.google.com/apis/api/compute.googleapis.com/overview?project=373913932164 then retry. If you enabled this API recently, wait a few minutes for the action to propagate to our systems and retry.","errors":[{"message":"Compute Engine API has not been used in project 373913932164 before or it is disabled. Enable it by visiting https://console.developers.google.com/apis/api/compute.googleapis.com/overview?project=373913932164 then retry. If you enabled this API recently, wait a few minutes for the action to propagate to our systems and retry.","domain":"usageLimits","reason":"accessNotConfigured","extendedHelp":"https://console.developers.google.com"}],"status":"PERMISSION_DENIED","details":[{"@type":"type.googleapis.com/google.rpc.ErrorInfo","reason":"SERVICE_DISABLED","domain":"googleapis.com","metadata":{"serviceTitle":"Compute Engine API","containerInfo":"373913932164","activationUrl":"https://console.developers.google.com/apis/api/compute.googleapis.com/overview?project=373913932164","service":"compute.googleapis.com","consumer":"projects/373913932164"}},{"@type":"type.googleapis.com/google.rpc.LocalizedMessage","locale":"en-US","message":"Compute Engine API has not been used in project 373913932164 before or it is disabled. Enable it by visiting https://console.developers.google.com/apis/api/compute.googleapis.com/overview?project=373913932164 then retry. If you enabled this API recently, wait a few minutes for the action to propagate to our systems and retry."},{"@type":"type.googleapis.com/google.rpc.Help","links":[{"description":"Google developers console API activation","url":"https://console.developers.google.com/apis/api/compute.googleapis.com/overview?project=373913932164"}]}]}},"response":{"statusCode":403}},"exit":1,"message":"Request to https://compute.googleapis.com/compute/v1/projects/373913932164 had HTTP Error: 403, Compute Engine API has not been used in project 373913932164 before or it is disabled. Enable it by visiting https://console.developers.google.com/apis/api/compute.googleapis.com/overview?project=373913932164 then retry. If you enabled this API recently, wait a few minutes for the action to propagate to our systems and retry.","status":403}
[debug] [2026-06-13T14:40:36.548Z] Checked if tokens are valid: true, expires at: 1781364756752
[debug] [2026-06-13T14:40:36.548Z] Checked if tokens are valid: true, expires at: 1781364756752
[debug] [2026-06-13T14:40:36.548Z] >>> [apiv2][query] GET https://compute.googleapis.com/compute/v1/projects/373913932164 [none]
[debug] [2026-06-13T14:40:36.843Z] <<< [apiv2][status] GET https://compute.googleapis.com/compute/v1/projects/373913932164 403
[debug] [2026-06-13T14:40:36.843Z] <<< [apiv2][body] GET https://compute.googleapis.com/compute/v1/projects/373913932164 {"error":{"code":403,"message":"Compute Engine API has not been used in project 373913932164 before or it is disabled. Enable it by visiting https://console.developers.google.com/apis/api/compute.googleapis.com/overview?project=373913932164 then retry. If you enabled this API recently, wait a few minutes for the action to propagate to our systems and retry.","errors":[{"message":"Compute Engine API has not been used in project 373913932164 before or it is disabled. Enable it by visiting https://console.developers.google.com/apis/api/compute.googleapis.com/overview?project=373913932164 then retry. If you enabled this API recently, wait a few minutes for the action to propagate to our systems and retry.","domain":"usageLimits","reason":"accessNotConfigured","extendedHelp":"https://console.developers.google.com"}],"status":"PERMISSION_DENIED","details":[{"@type":"type.googleapis.com/google.rpc.ErrorInfo","reason":"SERVICE_DISABLED","domain":"googleapis.com","metadata":{"service":"compute.googleapis.com","serviceTitle":"Compute Engine API","containerInfo":"373913932164","activationUrl":"https://console.developers.google.com/apis/api/compute.googleapis.com/overview?project=373913932164","consumer":"projects/373913932164"}},{"@type":"type.googleapis.com/google.rpc.LocalizedMessage","locale":"en-US","message":"Compute Engine API has not been used in project 373913932164 before or it is disabled. Enable it by visiting https://console.developers.google.com/apis/api/compute.googleapis.com/overview?project=373913932164 then retry. If you enabled this API recently, wait a few minutes for the action to propagate to our systems and retry."},{"@type":"type.googleapis.com/google.rpc.Help","links":[{"description":"Google developers console API activation","url":"https://console.developers.google.com/apis/api/compute.googleapis.com/overview?project=373913932164"}]}]}}
[debug] [2026-06-13T14:40:36.843Z] unable to look up default compute service account. Falling back to 373913932164-compute@developer.gserviceaccount.com. Error: {"name":"FirebaseError","children":[],"context":{"body":{"error":{"code":403,"message":"Compute Engine API has not been used in project 373913932164 before or it is disabled. Enable it by visiting https://console.developers.google.com/apis/api/compute.googleapis.com/overview?project=373913932164 then retry. If you enabled this API recently, wait a few minutes for the action to propagate to our systems and retry.","errors":[{"message":"Compute Engine API has not been used in project 373913932164 before or it is disabled. Enable it by visiting https://console.developers.google.com/apis/api/compute.googleapis.com/overview?project=373913932164 then retry. If you enabled this API recently, wait a few minutes for the action to propagate to our systems and retry.","domain":"usageLimits","reason":"accessNotConfigured","extendedHelp":"https://console.developers.google.com"}],"status":"PERMISSION_DENIED","details":[{"@type":"type.googleapis.com/google.rpc.ErrorInfo","reason":"SERVICE_DISABLED","domain":"googleapis.com","metadata":{"service":"compute.googleapis.com","serviceTitle":"Compute Engine API","containerInfo":"373913932164","activationUrl":"https://console.developers.google.com/apis/api/compute.googleapis.com/overview?project=373913932164","consumer":"projects/373913932164"}},{"@type":"type.googleapis.com/google.rpc.LocalizedMessage","locale":"en-US","message":"Compute Engine API has not been used in project 373913932164 before or it is disabled. Enable it by visiting https://console.developers.google.com/apis/api/compute.googleapis.com/overview?project=373913932164 then retry. If you enabled this API recently, wait a few minutes for the action to propagate to our systems and retry."},{"@type":"type.googleapis.com/google.rpc.Help","links":[{"description":"Google developers console API activation","url":"https://console.developers.google.com/apis/api/compute.googleapis.com/overview?project=373913932164"}]}]}},"response":{"statusCode":403}},"exit":1,"message":"Request to https://compute.googleapis.com/compute/v1/projects/373913932164 had HTTP Error: 403, Compute Engine API has not been used in project 373913932164 before or it is disabled. Enable it by visiting https://console.developers.google.com/apis/api/compute.googleapis.com/overview?project=373913932164 then retry. If you enabled this API recently, wait a few minutes for the action to propagate to our systems and retry.","status":403}
[debug] [2026-06-13T14:40:36.844Z] Checked if tokens are valid: true, expires at: 1781364756752
[debug] [2026-06-13T14:40:36.844Z] Checked if tokens are valid: true, expires at: 1781364756752
[debug] [2026-06-13T14:40:36.844Z] >>> [apiv2][query] GET https://compute.googleapis.com/compute/v1/projects/373913932164 [none]
[debug] [2026-06-13T14:40:38.018Z] <<< [apiv2][status] GET https://compute.googleapis.com/compute/v1/projects/373913932164 403
[debug] [2026-06-13T14:40:38.019Z] <<< [apiv2][body] GET https://compute.googleapis.com/compute/v1/projects/373913932164 {"error":{"code":403,"message":"Compute Engine API has not been used in project 373913932164 before or it is disabled. Enable it by visiting https://console.developers.google.com/apis/api/compute.googleapis.com/overview?project=373913932164 then retry. If you enabled this API recently, wait a few minutes for the action to propagate to our systems and retry.","errors":[{"message":"Compute Engine API has not been used in project 373913932164 before or it is disabled. Enable it by visiting https://console.developers.google.com/apis/api/compute.googleapis.com/overview?project=373913932164 then retry. If you enabled this API recently, wait a few minutes for the action to propagate to our systems and retry.","domain":"usageLimits","reason":"accessNotConfigured","extendedHelp":"https://console.developers.google.com"}],"status":"PERMISSION_DENIED","details":[{"@type":"type.googleapis.com/google.rpc.ErrorInfo","reason":"SERVICE_DISABLED","domain":"googleapis.com","metadata":{"serviceTitle":"Compute Engine API","activationUrl":"https://console.developers.google.com/apis/api/compute.googleapis.com/overview?project=373913932164","service":"compute.googleapis.com","consumer":"projects/373913932164","containerInfo":"373913932164"}},{"@type":"type.googleapis.com/google.rpc.LocalizedMessage","locale":"en-US","message":"Compute Engine API has not been used in project 373913932164 before or it is disabled. Enable it by visiting https://console.developers.google.com/apis/api/compute.googleapis.com/overview?project=373913932164 then retry. If you enabled this API recently, wait a few minutes for the action to propagate to our systems and retry."},{"@type":"type.googleapis.com/google.rpc.Help","links":[{"description":"Google developers console API activation","url":"https://console.developers.google.com/apis/api/compute.googleapis.com/overview?project=373913932164"}]}]}}
[debug] [2026-06-13T14:40:38.019Z] unable to look up default compute service account. Falling back to 373913932164-compute@developer.gserviceaccount.com. Error: {"name":"FirebaseError","children":[],"context":{"body":{"error":{"code":403,"message":"Compute Engine API has not been used in project 373913932164 before or it is disabled. Enable it by visiting https://console.developers.google.com/apis/api/compute.googleapis.com/overview?project=373913932164 then retry. If you enabled this API recently, wait a few minutes for the action to propagate to our systems and retry.","errors":[{"message":"Compute Engine API has not been used in project 373913932164 before or it is disabled. Enable it by visiting https://console.developers.google.com/apis/api/compute.googleapis.com/overview?project=373913932164 then retry. If you enabled this API recently, wait a few minutes for the action to propagate to our systems and retry.","domain":"usageLimits","reason":"accessNotConfigured","extendedHelp":"https://console.developers.google.com"}],"status":"PERMISSION_DENIED","details":[{"@type":"type.googleapis.com/google.rpc.ErrorInfo","reason":"SERVICE_DISABLED","domain":"googleapis.com","metadata":{"serviceTitle":"Compute Engine API","activationUrl":"https://console.developers.google.com/apis/api/compute.googleapis.com/overview?project=373913932164","service":"compute.googleapis.com","consumer":"projects/373913932164","containerInfo":"373913932164"}},{"@type":"type.googleapis.com/google.rpc.LocalizedMessage","locale":"en-US","message":"Compute Engine API has not been used in project 373913932164 before or it is disabled. Enable it by visiting https://console.developers.google.com/apis/api/compute.googleapis.com/overview?project=373913932164 then retry. If you enabled this API recently, wait a few minutes for the action to propagate to our systems and retry."},{"@type":"type.googleapis.com/google.rpc.Help","links":[{"description":"Google developers console API activation","url":"https://console.developers.google.com/apis/api/compute.googleapis.com/overview?project=373913932164"}]}]}},"response":{"statusCode":403}},"exit":1,"message":"Request to https://compute.googleapis.com/compute/v1/projects/373913932164 had HTTP Error: 403, Compute Engine API has not been used in project 373913932164 before or it is disabled. Enable it by visiting https://console.developers.google.com/apis/api/compute.googleapis.com/overview?project=373913932164 then retry. If you enabled this API recently, wait a few minutes for the action to propagate to our systems and retry.","status":403}
[debug] [2026-06-13T14:40:38.019Z] Checked if tokens are valid: true, expires at: 1781364756752
[debug] [2026-06-13T14:40:38.019Z] Checked if tokens are valid: true, expires at: 1781364756752
[debug] [2026-06-13T14:40:38.019Z] >>> [apiv2][query] GET https://compute.googleapis.com/compute/v1/projects/373913932164 [none]
[debug] [2026-06-13T14:40:38.288Z] <<< [apiv2][status] GET https://compute.googleapis.com/compute/v1/projects/373913932164 403
[debug] [2026-06-13T14:40:38.288Z] <<< [apiv2][body] GET https://compute.googleapis.com/compute/v1/projects/373913932164 {"error":{"code":403,"message":"Compute Engine API has not been used in project 373913932164 before or it is disabled. Enable it by visiting https://console.developers.google.com/apis/api/compute.googleapis.com/overview?project=373913932164 then retry. If you enabled this API recently, wait a few minutes for the action to propagate to our systems and retry.","errors":[{"message":"Compute Engine API has not been used in project 373913932164 before or it is disabled. Enable it by visiting https://console.developers.google.com/apis/api/compute.googleapis.com/overview?project=373913932164 then retry. If you enabled this API recently, wait a few minutes for the action to propagate to our systems and retry.","domain":"usageLimits","reason":"accessNotConfigured","extendedHelp":"https://console.developers.google.com"}],"status":"PERMISSION_DENIED","details":[{"@type":"type.googleapis.com/google.rpc.ErrorInfo","reason":"SERVICE_DISABLED","domain":"googleapis.com","metadata":{"consumer":"projects/373913932164","containerInfo":"373913932164","activationUrl":"https://console.developers.google.com/apis/api/compute.googleapis.com/overview?project=373913932164","service":"compute.googleapis.com","serviceTitle":"Compute Engine API"}},{"@type":"type.googleapis.com/google.rpc.LocalizedMessage","locale":"en-US","message":"Compute Engine API has not been used in project 373913932164 before or it is disabled. Enable it by visiting https://console.developers.google.com/apis/api/compute.googleapis.com/overview?project=373913932164 then retry. If you enabled this API recently, wait a few minutes for the action to propagate to our systems and retry."},{"@type":"type.googleapis.com/google.rpc.Help","links":[{"description":"Google developers console API activation","url":"https://console.developers.google.com/apis/api/compute.googleapis.com/overview?project=373913932164"}]}]}}
[debug] [2026-06-13T14:40:38.289Z] unable to look up default compute service account. Falling back to 373913932164-compute@developer.gserviceaccount.com. Error: {"name":"FirebaseError","children":[],"context":{"body":{"error":{"code":403,"message":"Compute Engine API has not been used in project 373913932164 before or it is disabled. Enable it by visiting https://console.developers.google.com/apis/api/compute.googleapis.com/overview?project=373913932164 then retry. If you enabled this API recently, wait a few minutes for the action to propagate to our systems and retry.","errors":[{"message":"Compute Engine API has not been used in project 373913932164 before or it is disabled. Enable it by visiting https://console.developers.google.com/apis/api/compute.googleapis.com/overview?project=373913932164 then retry. If you enabled this API recently, wait a few minutes for the action to propagate to our systems and retry.","domain":"usageLimits","reason":"accessNotConfigured","extendedHelp":"https://console.developers.google.com"}],"status":"PERMISSION_DENIED","details":[{"@type":"type.googleapis.com/google.rpc.ErrorInfo","reason":"SERVICE_DISABLED","domain":"googleapis.com","metadata":{"consumer":"projects/373913932164","containerInfo":"373913932164","activationUrl":"https://console.developers.google.com/apis/api/compute.googleapis.com/overview?project=373913932164","service":"compute.googleapis.com","serviceTitle":"Compute Engine API"}},{"@type":"type.googleapis.com/google.rpc.LocalizedMessage","locale":"en-US","message":"Compute Engine API has not been used in project 373913932164 before or it is disabled. Enable it by visiting https://console.developers.google.com/apis/api/compute.googleapis.com/overview?project=373913932164 then retry. If you enabled this API recently, wait a few minutes for the action to propagate to our systems and retry."},{"@type":"type.googleapis.com/google.rpc.Help","links":[{"description":"Google developers console API activation","url":"https://console.developers.google.com/apis/api/compute.googleapis.com/overview?project=373913932164"}]}]}},"response":{"statusCode":403}},"exit":1,"message":"Request to https://compute.googleapis.com/compute/v1/projects/373913932164 had HTTP Error: 403, Compute Engine API has not been used in project 373913932164 before or it is disabled. Enable it by visiting https://console.developers.google.com/apis/api/compute.googleapis.com/overview?project=373913932164 then retry. If you enabled this API recently, wait a few minutes for the action to propagate to our systems and retry.","status":403}
[debug] [2026-06-13T14:40:38.289Z] Checked if tokens are valid: true, expires at: 1781364756752
[debug] [2026-06-13T14:40:38.289Z] Checked if tokens are valid: true, expires at: 1781364756752
[debug] [2026-06-13T14:40:38.289Z] >>> [apiv2][query] GET https://compute.googleapis.com/compute/v1/projects/373913932164 [none]
[debug] [2026-06-13T14:40:38.581Z] <<< [apiv2][status] GET https://compute.googleapis.com/compute/v1/projects/373913932164 403
[debug] [2026-06-13T14:40:38.581Z] <<< [apiv2][body] GET https://compute.googleapis.com/compute/v1/projects/373913932164 {"error":{"code":403,"message":"Compute Engine API has not been used in project 373913932164 before or it is disabled. Enable it by visiting https://console.developers.google.com/apis/api/compute.googleapis.com/overview?project=373913932164 then retry. If you enabled this API recently, wait a few minutes for the action to propagate to our systems and retry.","errors":[{"message":"Compute Engine API has not been used in project 373913932164 before or it is disabled. Enable it by visiting https://console.developers.google.com/apis/api/compute.googleapis.com/overview?project=373913932164 then retry. If you enabled this API recently, wait a few minutes for the action to propagate to our systems and retry.","domain":"usageLimits","reason":"accessNotConfigured","extendedHelp":"https://console.developers.google.com"}],"status":"PERMISSION_DENIED","details":[{"@type":"type.googleapis.com/google.rpc.ErrorInfo","reason":"SERVICE_DISABLED","domain":"googleapis.com","metadata":{"consumer":"projects/373913932164","serviceTitle":"Compute Engine API","activationUrl":"https://console.developers.google.com/apis/api/compute.googleapis.com/overview?project=373913932164","service":"compute.googleapis.com","containerInfo":"373913932164"}},{"@type":"type.googleapis.com/google.rpc.LocalizedMessage","locale":"en-US","message":"Compute Engine API has not been used in project 373913932164 before or it is disabled. Enable it by visiting https://console.developers.google.com/apis/api/compute.googleapis.com/overview?project=373913932164 then retry. If you enabled this API recently, wait a few minutes for the action to propagate to our systems and retry."},{"@type":"type.googleapis.com/google.rpc.Help","links":[{"description":"Google developers console API activation","url":"https://console.developers.google.com/apis/api/compute.googleapis.com/overview?project=373913932164"}]}]}}
[debug] [2026-06-13T14:40:38.581Z] unable to look up default compute service account. Falling back to 373913932164-compute@developer.gserviceaccount.com. Error: {"name":"FirebaseError","children":[],"context":{"body":{"error":{"code":403,"message":"Compute Engine API has not been used in project 373913932164 before or it is disabled. Enable it by visiting https://console.developers.google.com/apis/api/compute.googleapis.com/overview?project=373913932164 then retry. If you enabled this API recently, wait a few minutes for the action to propagate to our systems and retry.","errors":[{"message":"Compute Engine API has not been used in project 373913932164 before or it is disabled. Enable it by visiting https://console.developers.google.com/apis/api/compute.googleapis.com/overview?project=373913932164 then retry. If you enabled this API recently, wait a few minutes for the action to propagate to our systems and retry.","domain":"usageLimits","reason":"accessNotConfigured","extendedHelp":"https://console.developers.google.com"}],"status":"PERMISSION_DENIED","details":[{"@type":"type.googleapis.com/google.rpc.ErrorInfo","reason":"SERVICE_DISABLED","domain":"googleapis.com","metadata":{"consumer":"projects/373913932164","serviceTitle":"Compute Engine API","activationUrl":"https://console.developers.google.com/apis/api/compute.googleapis.com/overview?project=373913932164","service":"compute.googleapis.com","containerInfo":"373913932164"}},{"@type":"type.googleapis.com/google.rpc.LocalizedMessage","locale":"en-US","message":"Compute Engine API has not been used in project 373913932164 before or it is disabled. Enable it by visiting https://console.developers.google.com/apis/api/compute.googleapis.com/overview?project=373913932164 then retry. If you enabled this API recently, wait a few minutes for the action to propagate to our systems and retry."},{"@type":"type.googleapis.com/google.rpc.Help","links":[{"description":"Google developers console API activation","url":"https://console.developers.google.com/apis/api/compute.googleapis.com/overview?project=373913932164"}]}]}},"response":{"statusCode":403}},"exit":1,"message":"Request to https://compute.googleapis.com/compute/v1/projects/373913932164 had HTTP Error: 403, Compute Engine API has not been used in project 373913932164 before or it is disabled. Enable it by visiting https://console.developers.google.com/apis/api/compute.googleapis.com/overview?project=373913932164 then retry. If you enabled this API recently, wait a few minutes for the action to propagate to our systems and retry.","status":403}
[debug] [2026-06-13T14:40:38.584Z] Checked if tokens are valid: true, expires at: 1781364756752
[debug] [2026-06-13T14:40:38.584Z] Checked if tokens are valid: true, expires at: 1781364756752
[debug] [2026-06-13T14:40:38.584Z] >>> [apiv2][query] GET https://cloudbilling.googleapis.com/v1/projects/tcc-desconecta/billingInfo [none]
[debug] [2026-06-13T14:40:39.845Z] <<< [apiv2][status] GET https://cloudbilling.googleapis.com/v1/projects/tcc-desconecta/billingInfo 200
[debug] [2026-06-13T14:40:39.845Z] <<< [apiv2][body] GET https://cloudbilling.googleapis.com/v1/projects/tcc-desconecta/billingInfo {"name":"projects/tcc-desconecta/billingInfo","projectId":"tcc-desconecta","billingAccountName":"billingAccounts/010F2D-6833F4-FBADB4","billingEnabled":false}
[debug] [2026-06-13T14:40:39.845Z] Checked if tokens are valid: true, expires at: 1781364756752
[debug] [2026-06-13T14:40:39.845Z] Checked if tokens are valid: true, expires at: 1781364756752
[debug] [2026-06-13T14:40:39.845Z] >>> [apiv2][query] GET https://cloudbilling.googleapis.com/v1/billingAccounts [none]
[debug] [2026-06-13T14:40:40.883Z] <<< [apiv2][status] GET https://cloudbilling.googleapis.com/v1/billingAccounts 200
[debug] [2026-06-13T14:40:40.883Z] <<< [apiv2][body] GET https://cloudbilling.googleapis.com/v1/billingAccounts {"billingAccounts":[{"name":"billingAccounts/010F2D-6833F4-FBADB4","open":false,"displayName":"Minha conta de faturamento","masterBillingAccount":"","parent":"","currencyCode":"BRL"}],"nextPageToken":""}
[info] 
[info] Extension require your project to be upgraded to the Blaze plan. Please visit the following link to add a billing account:
[info] 
[info] https://console.cloud.google.com/billing/linkedaccount?project=tcc-desconecta
[info] 
[debug] [2026-06-13T14:58:42.661Z] ExitPromptError: User force closed the prompt with SIGINT
    at Interface.sigint (/Users/ademario.santana/.nvm/versions/node/v22.17.0/lib/node_modules/firebase-tools/node_modules/@inquirer/core/dist/commonjs/lib/create-prompt.js:101:37)
    at Interface.emit (node:events:518:28)
    at [_ttyWrite] [as _ttyWrite] (node:internal/readline/interface:1132:18)
    at ReadStream.onkeypress (node:internal/readline/interface:271:20)
    at ReadStream.emit (node:events:530:35)
    at emitKeys (node:internal/readline/utils:370:14)
    at emitKeys.next (<anonymous>)
    at ReadStream.onData (node:internal/readline/emitKeypressEvents:64:36)
    at ReadStream.emit (node:events:518:28)
    at addChunk (node:internal/streams/readable:561:12)
[error] 
[error] Error: An unexpected error has occurred.
