\BOOKMARK [1][-]{section*.1}{\376\377\000A\000b\000s\000t\000r\000a\000c\000t}{}% 1
\BOOKMARK [1][-]{section.1}{\376\377\0001\000\040\000I\000n\000t\000r\000o\000d\000u\000c\000t\000i\000o\000n}{}% 2
\BOOKMARK [1][-]{section.2}{\376\377\0002\000\040\000A\000r\000q\000u\000i\000t\000e\000t\000u\000r\000a\000\040\000d\000e\000\040\000S\000o\000f\000t\000w\000a\000r\000e}{}% 3
\BOOKMARK [2][-]{subsection.2.1}{\376\377\0002\000.\0001\000\040\000T\000e\000m\000p\000l\000a\000t\000e\000\040\000P\000a\000r\000a\000m\000e\000t\000e\000r\000s}{section.2}% 4
\BOOKMARK [1][-]{section.3}{\376\377\0003\000\040\000M\000o\000d\000i\000f\000i\000c\000a\000t\000i\000o\000n\000s}{}% 5
\BOOKMARK [1][-]{section.4}{\376\377\0004\000\040\000T\000y\000p\000e\000f\000a\000c\000e\000s}{}% 6
\BOOKMARK [1][-]{section.5}{\376\377\0005\000\040\000T\000i\000t\000l\000e\000\040\000I\000n\000f\000o\000r\000m\000a\000t\000i\000o\000n}{}% 7
\BOOKMARK [1][-]{section.6}{\376\377\0006\000\040\000A\000u\000t\000h\000o\000r\000s\000\040\000a\000n\000d\000\040\000A\000f\000f\000i\000l\000i\000a\000t\000i\000o\000n\000s}{}% 8
\BOOKMARK [1][-]{section.7}{\376\377\0007\000\040\000S\000e\000c\000t\000i\000o\000n\000i\000n\000g\000\040\000C\000o\000m\000m\000a\000n\000d\000s}{}% 9
\BOOKMARK [2][-]{subsection.7.1}{\376\377\0007\000.\0001\000\040\000S\000u\000b\000s\000e\000c\000t\000i\000o\000n}{section.7}% 10
\BOOKMARK [1][-]{section.8}{\376\377\0008\000\040\000T\000a\000b\000l\000e\000s}{}% 11
\BOOKMARK [1][-]{section.9}{\376\377\0009\000\040\000M\000a\000t\000h\000\040\000E\000q\000u\000a\000t\000i\000o\000n\000s}{}% 12
\BOOKMARK [2][-]{subsection.9.1}{\376\377\0009\000.\0001\000\040\000I\000n\000l\000i\000n\000e\000\040\000\050\000I\000n\000-\000t\000e\000x\000t\000\051\000\040\000E\000q\000u\000a\000t\000i\000o\000n\000s}{section.9}% 13
\BOOKMARK [2][-]{subsection.9.2}{\376\377\0009\000.\0002\000\040\000D\000i\000s\000p\000l\000a\000y\000\040\000E\000q\000u\000a\000t\000i\000o\000n\000s}{section.9}% 14
\BOOKMARK [1][-]{section.10}{\376\377\0001\0000\000\040\000F\000i\000g\000u\000r\000e\000s}{}% 15
\BOOKMARK [1][-]{section.11}{\376\377\0001\0001\000\040\000C\000i\000t\000a\000t\000i\000o\000n\000s\000\040\000a\000n\000d\000\040\000B\000i\000b\000l\000i\000o\000g\000r\000a\000p\000h\000i\000e\000s}{}% 16
\BOOKMARK [1][-]{section.12}{\376\377\0001\0002\000\040\000R\000e\000c\000o\000m\000m\000e\000\040\000t\000h\000a\000t\000\040\000d\000e\000m\000o\000n\000s\000t\000r\000a\000t\000e\000p\000e\000n\000d\000i\000c\000e\000s}{}% 17
\BOOKMARK [1][-]{section.13}{\376\377\0001\0003\000\040\000C\000o\000n\000c\000l\000u\000s\000i\000o\000n\000\040\000a\000n\000d\000\040\000F\000u\000t\000u\000r\000e\000\040\000W\000o\000r\000k}{}% 18
\BOOKMARK [1][-]{section*.12}{\376\377\000R\000e\000f\000e\000r\000e\000n\000c\000e\000s}{}% 19
\BOOKMARK [1][-]{appendix.A}{\376\377\000A\000\040\000A\000p\000p\000e\000n\000d\000i\000x\000\040\000E\000x\000a\000m\000p\000l\000e\000\040\0001}{}% 20
\BOOKMARK [2][-]{subsection.A.1}{\376\377\000A\000.\0001\000\040\000P\000a\000r\000t\000\040\000O\000n\000e}{appendix.A}% 21
\BOOKMARK [2][-]{subsection.A.2}{\376\377\000A\000.\0002\000\040\000P\000a\000r\000t\000\040\000T\000w\000o}{appendix.A}% 22
\BOOKMARK [1][-]{appendix.B}{\376\377\000B\000\040\000A\000p\000p\000e\000n\000d\000i\000x\000\040\000E\000x\000a\000m\000p\000l\000e\000\040\0002}{}% 23
